// Jest Snapshot v1, https://goo.gl/fbAQLP

exports[`Button Component should render without issues 1`] = `
<View
  style={
    Array [
      Object {
        "alignItems": "center",
        "borderRadius": 30,
        "flex": 1,
        "justifyContent": "center",
      },
      undefined,
    ]
  }
>
  <TouchableOpacity
    activeOpacity={0.2}
    focusedOpacity={0.7}
    onPress={[Function]}
    style={
      Object {
        "borderRadius": 3,
      }
    }
  >
    <View
      style={
        Array [
          Object {
            "alignItems": "center",
            "backgroundColor": "#007AFF",
            "borderRadius": 3,
            "flexDirection": "row",
            "justifyContent": "center",
          },
          undefined,
          undefined,
          undefined,
        ]
      }
    >
      <Text
        accessible={true}
        allowFontScaling={true}
        ellipsizeMode="tail"
        style={
          Array [
            Object {
              "color": "white",
              "fontSize": 18,
              "padding": 8,
              "textAlign": "center",
            },
            undefined,
          ]
        }
      >
        Welcome to
        React Native Elements
      </Text>
    </View>
  </TouchableOpacity>
</View>
`;
