// Jest Snapshot v1, https://goo.gl/fbAQLP

exports[`Chip Component should render without issues 1`] = `
<View
  style={
    Array [
      Object {
        "borderRadius": 3,
        "overflow": "hidden",
      },
      undefined,
      false,
    ]
  }
  testID="RNE_BUTTON_WRAPPER"
>
  <View
    accessibilityRole="button"
    accessibilityState={
      Object {
        "busy": false,
        "disabled": false,
      }
    }
    accessible={true}
    focusable={true}
    onClick={[Function]}
    onResponderGrant={[Function]}
    onResponderMove={[Function]}
    onResponderRelease={[Function]}
    onResponderTerminate={[Function]}
    onResponderTerminationRequest={[Function]}
    onStartShouldSetResponder={[Function]}
    style={
      Object {
        "alignItems": "center",
        "backgroundColor": "#2089dc",
        "borderColor": "#2089dc",
        "borderRadius": 30,
        "borderWidth": 0,
        "flexDirection": "row",
        "justifyContent": "center",
        "padding": 8,
      }
    }
  />
</View>
`;
