// Jest Snapshot v1, https://goo.gl/fbAQLP

exports[`Rating Component should apply values from theme 1`] = `
<View
  pointerEvents="auto"
>
  <View
    style={
      Object {
        "alignItems": "center",
        "flexDirection": "column",
        "justifyContent": "center",
        "paddingBottom": 5,
      }
    }
  >
    <View
      style={
        Object {
          "alignItems": "center",
          "flexDirection": "row",
          "justifyContent": "center",
          "paddingBottom": 5,
        }
      }
    >
      <Text
        accessible={true}
        allowFontScaling={true}
        ellipsizeMode="tail"
        style={
          Object {
            "color": "red",
            "fontFamily": "Trebuchet MS",
            "fontSize": 15,
            "textAlign": "center",
          }
        }
        theme={
          Object {
            "Rating": Object {
              "ratingColor": "red",
              "type": "custom",
            },
            "colors": Object {
              "divider": "#bcbbc1",
              "error": "#ff190c",
              "grey0": "#393e42",
              "grey1": "#43484d",
              "grey2": "#5e6977",
              "grey3": "#86939e",
              "grey4": "#bdc6cf",
              "grey5": "#e1e8ee",
              "greyOutline": "#bbb",
              "primary": "#2089dc",
              "searchBg": "#303337",
              "secondary": "#8F0CE8",
            },
          }
        }
        updateTheme={[Function]}
      >
        Rating:
         
      </Text>
      <Text
        accessible={true}
        allowFontScaling={true}
        ellipsizeMode="tail"
        style={
          Object {
            "color": "red",
            "fontFamily": "Trebuchet MS",
            "fontSize": 30,
            "textAlign": "center",
          }
        }
        theme={
          Object {
            "Rating": Object {
              "ratingColor": "red",
              "type": "custom",
            },
            "colors": Object {
              "divider": "#bcbbc1",
              "error": "#ff190c",
              "grey0": "#393e42",
              "grey1": "#43484d",
              "grey2": "#5e6977",
              "grey3": "#86939e",
              "grey4": "#bdc6cf",
              "grey5": "#e1e8ee",
              "greyOutline": "#bbb",
              "primary": "#2089dc",
              "searchBg": "#303337",
              "secondary": "#8F0CE8",
            },
          }
        }
        updateTheme={[Function]}
      >
        3
      </Text>
      <Text
        accessible={true}
        allowFontScaling={true}
        ellipsizeMode="tail"
        style={
          Object {
            "color": "red",
            "fontFamily": "Trebuchet MS",
            "fontSize": 18,
            "textAlign": "center",
          }
        }
        theme={
          Object {
            "Rating": Object {
              "ratingColor": "red",
              "type": "custom",
            },
            "colors": Object {
              "divider": "#bcbbc1",
              "error": "#ff190c",
              "grey0": "#393e42",
              "grey1": "#43484d",
              "grey2": "#5e6977",
              "grey3": "#86939e",
              "grey4": "#bdc6cf",
              "grey5": "#e1e8ee",
              "greyOutline": "#bbb",
              "primary": "#2089dc",
              "searchBg": "#303337",
              "secondary": "#8F0CE8",
            },
          }
        }
        updateTheme={[Function]}
      >
        /
        5
      </Text>
    </View>
    <View />
  </View>
  <View
    onMoveShouldSetResponder={[Function]}
    onMoveShouldSetResponderCapture={[Function]}
    onResponderEnd={[Function]}
    onResponderGrant={[Function]}
    onResponderMove={[Function]}
    onResponderReject={[Function]}
    onResponderRelease={[Function]}
    onResponderStart={[Function]}
    onResponderTerminate={[Function]}
    onResponderTerminationRequest={[Function]}
    onStartShouldSetResponder={[Function]}
    onStartShouldSetResponderCapture={[Function]}
    style={
      Object {
        "alignItems": "center",
        "flexDirection": "row",
        "justifyContent": "center",
      }
    }
  >
    <View
      style={
        Object {
          "alignItems": "center",
          "bottom": 0,
          "flexDirection": "row",
          "justifyContent": "center",
          "left": 0,
          "position": "absolute",
          "right": 0,
          "top": 0,
        }
      }
    >
      <View
        style={
          Object {
            "backgroundColor": "red",
            "height": 60,
            "width": 180,
          }
        }
        testID="ratingItem"
      />
      <View
        style={
          Object {
            "backgroundColor": "white",
            "height": 60,
            "width": 120,
          }
        }
      />
    </View>
    <View>
      <Image
        source={
          Object {
            "testUri": "../../../src/rating/images/star.png",
          }
        }
        style={
          Object {
            "height": 60,
            "width": 60,
          }
        }
      />
    </View>
    <View>
      <Image
        source={
          Object {
            "testUri": "../../../src/rating/images/star.png",
          }
        }
        style={
          Object {
            "height": 60,
            "width": 60,
          }
        }
      />
    </View>
    <View>
      <Image
        source={
          Object {
            "testUri": "../../../src/rating/images/star.png",
          }
        }
        style={
          Object {
            "height": 60,
            "width": 60,
          }
        }
      />
    </View>
    <View>
      <Image
        source={
          Object {
            "testUri": "../../../src/rating/images/star.png",
          }
        }
        style={
          Object {
            "height": 60,
            "width": 60,
          }
        }
      />
    </View>
    <View>
      <Image
        source={
          Object {
            "testUri": "../../../src/rating/images/star.png",
          }
        }
        style={
          Object {
            "height": 60,
            "width": 60,
          }
        }
      />
    </View>
  </View>
</View>
`;

exports[`Rating Component should render 10 images 1`] = `
<Component
  pointerEvents="auto"
>
  <Component
    onMoveShouldSetResponder={[Function]}
    onMoveShouldSetResponderCapture={[Function]}
    onResponderEnd={[Function]}
    onResponderGrant={[Function]}
    onResponderMove={[Function]}
    onResponderReject={[Function]}
    onResponderRelease={[Function]}
    onResponderStart={[Function]}
    onResponderTerminate={[Function]}
    onResponderTerminationRequest={[Function]}
    onStartShouldSetResponder={[Function]}
    onStartShouldSetResponderCapture={[Function]}
    style={
      Object {
        "alignItems": "center",
        "flexDirection": "row",
        "justifyContent": "center",
      }
    }
  >
    <Component
      style={
        Object {
          "alignItems": "center",
          "bottom": 0,
          "flexDirection": "row",
          "justifyContent": "center",
          "left": 0,
          "position": "absolute",
          "right": 0,
          "top": 0,
        }
      }
    >
      <AnimatedComponent
        style={
          Object {
            "backgroundColor": "#f1c40f",
            "height": 60,
            "width": 300,
          }
        }
        testID="ratingItem"
      />
      <AnimatedComponent
        style={
          Object {
            "backgroundColor": "white",
            "height": 60,
            "width": 300,
          }
        }
      />
    </Component>
    <Component
      key="0"
    >
      <Image
        source={
          Object {
            "testUri": "../../../src/rating/images/star.png",
          }
        }
        style={
          Object {
            "height": 60,
            "width": 60,
          }
        }
      />
    </Component>
    <Component
      key="1"
    >
      <Image
        source={
          Object {
            "testUri": "../../../src/rating/images/star.png",
          }
        }
        style={
          Object {
            "height": 60,
            "width": 60,
          }
        }
      />
    </Component>
    <Component
      key="2"
    >
      <Image
        source={
          Object {
            "testUri": "../../../src/rating/images/star.png",
          }
        }
        style={
          Object {
            "height": 60,
            "width": 60,
          }
        }
      />
    </Component>
    <Component
      key="3"
    >
      <Image
        source={
          Object {
            "testUri": "../../../src/rating/images/star.png",
          }
        }
        style={
          Object {
            "height": 60,
            "width": 60,
          }
        }
      />
    </Component>
    <Component
      key="4"
    >
      <Image
        source={
          Object {
            "testUri": "../../../src/rating/images/star.png",
          }
        }
        style={
          Object {
            "height": 60,
            "width": 60,
          }
        }
      />
    </Component>
    <Component
      key="5"
    >
      <Image
        source={
          Object {
            "testUri": "../../../src/rating/images/star.png",
          }
        }
        style={
          Object {
            "height": 60,
            "width": 60,
          }
        }
      />
    </Component>
    <Component
      key="6"
    >
      <Image
        source={
          Object {
            "testUri": "../../../src/rating/images/star.png",
          }
        }
        style={
          Object {
            "height": 60,
            "width": 60,
          }
        }
      />
    </Component>
    <Component
      key="7"
    >
      <Image
        source={
          Object {
            "testUri": "../../../src/rating/images/star.png",
          }
        }
        style={
          Object {
            "height": 60,
            "width": 60,
          }
        }
      />
    </Component>
    <Component
      key="8"
    >
      <Image
        source={
          Object {
            "testUri": "../../../src/rating/images/star.png",
          }
        }
        style={
          Object {
            "height": 60,
            "width": 60,
          }
        }
      />
    </Component>
    <Component
      key="9"
    >
      <Image
        source={
          Object {
            "testUri": "../../../src/rating/images/star.png",
          }
        }
        style={
          Object {
            "height": 60,
            "width": 60,
          }
        }
      />
    </Component>
  </Component>
</Component>
`;

exports[`Rating Component should render custom background color 1`] = `
<Component
  pointerEvents="auto"
>
  <Component
    onMoveShouldSetResponder={[Function]}
    onMoveShouldSetResponderCapture={[Function]}
    onResponderEnd={[Function]}
    onResponderGrant={[Function]}
    onResponderMove={[Function]}
    onResponderReject={[Function]}
    onResponderRelease={[Function]}
    onResponderStart={[Function]}
    onResponderTerminate={[Function]}
    onResponderTerminationRequest={[Function]}
    onStartShouldSetResponder={[Function]}
    onStartShouldSetResponderCapture={[Function]}
    style={
      Object {
        "alignItems": "center",
        "flexDirection": "row",
        "justifyContent": "center",
      }
    }
  >
    <Component
      style={
        Object {
          "alignItems": "center",
          "bottom": 0,
          "flexDirection": "row",
          "justifyContent": "center",
          "left": 0,
          "position": "absolute",
          "right": 0,
          "top": 0,
        }
      }
    >
      <AnimatedComponent
        style={
          Object {
            "backgroundColor": "green",
            "height": 60,
            "width": 150,
          }
        }
        testID="ratingItem"
      />
      <AnimatedComponent
        style={
          Object {
            "backgroundColor": "darkgreen",
            "height": 60,
            "width": 150,
          }
        }
      />
    </Component>
    <Component
      key="0"
    >
      <Image
        source={
          Object {
            "uri": "https://image.freepik.com/free-icon/smiley_318-121680.jpg",
          }
        }
        style={
          Object {
            "height": 60,
            "width": 60,
          }
        }
      />
    </Component>
    <Component
      key="1"
    >
      <Image
        source={
          Object {
            "uri": "https://image.freepik.com/free-icon/smiley_318-121680.jpg",
          }
        }
        style={
          Object {
            "height": 60,
            "width": 60,
          }
        }
      />
    </Component>
    <Component
      key="2"
    >
      <Image
        source={
          Object {
            "uri": "https://image.freepik.com/free-icon/smiley_318-121680.jpg",
          }
        }
        style={
          Object {
            "height": 60,
            "width": 60,
          }
        }
      />
    </Component>
    <Component
      key="3"
    >
      <Image
        source={
          Object {
            "uri": "https://image.freepik.com/free-icon/smiley_318-121680.jpg",
          }
        }
        style={
          Object {
            "height": 60,
            "width": 60,
          }
        }
      />
    </Component>
    <Component
      key="4"
    >
      <Image
        source={
          Object {
            "uri": "https://image.freepik.com/free-icon/smiley_318-121680.jpg",
          }
        }
        style={
          Object {
            "height": 60,
            "width": 60,
          }
        }
      />
    </Component>
  </Component>
</Component>
`;

exports[`Rating Component should render custom color 1`] = `
<Component
  pointerEvents="auto"
>
  <Component
    onMoveShouldSetResponder={[Function]}
    onMoveShouldSetResponderCapture={[Function]}
    onResponderEnd={[Function]}
    onResponderGrant={[Function]}
    onResponderMove={[Function]}
    onResponderReject={[Function]}
    onResponderRelease={[Function]}
    onResponderStart={[Function]}
    onResponderTerminate={[Function]}
    onResponderTerminationRequest={[Function]}
    onStartShouldSetResponder={[Function]}
    onStartShouldSetResponderCapture={[Function]}
    style={
      Object {
        "alignItems": "center",
        "flexDirection": "row",
        "justifyContent": "center",
      }
    }
  >
    <Component
      style={
        Object {
          "alignItems": "center",
          "bottom": 0,
          "flexDirection": "row",
          "justifyContent": "center",
          "left": 0,
          "position": "absolute",
          "right": 0,
          "top": 0,
        }
      }
    >
      <AnimatedComponent
        style={
          Object {
            "backgroundColor": "green",
            "height": 60,
            "width": 150,
          }
        }
        testID="ratingItem"
      />
      <AnimatedComponent
        style={
          Object {
            "backgroundColor": "white",
            "height": 60,
            "width": 150,
          }
        }
      />
    </Component>
    <Component
      key="0"
    >
      <Image
        source={
          Object {
            "uri": "https://image.freepik.com/free-icon/smiley_318-121680.jpg",
          }
        }
        style={
          Object {
            "height": 60,
            "width": 60,
          }
        }
      />
    </Component>
    <Component
      key="1"
    >
      <Image
        source={
          Object {
            "uri": "https://image.freepik.com/free-icon/smiley_318-121680.jpg",
          }
        }
        style={
          Object {
            "height": 60,
            "width": 60,
          }
        }
      />
    </Component>
    <Component
      key="2"
    >
      <Image
        source={
          Object {
            "uri": "https://image.freepik.com/free-icon/smiley_318-121680.jpg",
          }
        }
        style={
          Object {
            "height": 60,
            "width": 60,
          }
        }
      />
    </Component>
    <Component
      key="3"
    >
      <Image
        source={
          Object {
            "uri": "https://image.freepik.com/free-icon/smiley_318-121680.jpg",
          }
        }
        style={
          Object {
            "height": 60,
            "width": 60,
          }
        }
      />
    </Component>
    <Component
      key="4"
    >
      <Image
        source={
          Object {
            "uri": "https://image.freepik.com/free-icon/smiley_318-121680.jpg",
          }
        }
        style={
          Object {
            "height": 60,
            "width": 60,
          }
        }
      />
    </Component>
  </Component>
</Component>
`;

exports[`Rating Component should render custom images 1`] = `
<Component
  pointerEvents="auto"
>
  <Component
    onMoveShouldSetResponder={[Function]}
    onMoveShouldSetResponderCapture={[Function]}
    onResponderEnd={[Function]}
    onResponderGrant={[Function]}
    onResponderMove={[Function]}
    onResponderReject={[Function]}
    onResponderRelease={[Function]}
    onResponderStart={[Function]}
    onResponderTerminate={[Function]}
    onResponderTerminationRequest={[Function]}
    onStartShouldSetResponder={[Function]}
    onStartShouldSetResponderCapture={[Function]}
    style={
      Object {
        "alignItems": "center",
        "flexDirection": "row",
        "justifyContent": "center",
      }
    }
  >
    <Component
      style={
        Object {
          "alignItems": "center",
          "bottom": 0,
          "flexDirection": "row",
          "justifyContent": "center",
          "left": 0,
          "position": "absolute",
          "right": 0,
          "top": 0,
        }
      }
    >
      <AnimatedComponent
        style={
          Object {
            "backgroundColor": "#f1c40f",
            "height": 60,
            "width": 150,
          }
        }
        testID="ratingItem"
      />
      <AnimatedComponent
        style={
          Object {
            "backgroundColor": "white",
            "height": 60,
            "width": 150,
          }
        }
      />
    </Component>
    <Component
      key="0"
    >
      <Image
        source={
          Object {
            "uri": "https://image.freepik.com/free-icon/smiley_318-121680.jpg",
          }
        }
        style={
          Object {
            "height": 60,
            "width": 60,
          }
        }
      />
    </Component>
    <Component
      key="1"
    >
      <Image
        source={
          Object {
            "uri": "https://image.freepik.com/free-icon/smiley_318-121680.jpg",
          }
        }
        style={
          Object {
            "height": 60,
            "width": 60,
          }
        }
      />
    </Component>
    <Component
      key="2"
    >
      <Image
        source={
          Object {
            "uri": "https://image.freepik.com/free-icon/smiley_318-121680.jpg",
          }
        }
        style={
          Object {
            "height": 60,
            "width": 60,
          }
        }
      />
    </Component>
    <Component
      key="3"
    >
      <Image
        source={
          Object {
            "uri": "https://image.freepik.com/free-icon/smiley_318-121680.jpg",
          }
        }
        style={
          Object {
            "height": 60,
            "width": 60,
          }
        }
      />
    </Component>
    <Component
      key="4"
    >
      <Image
        source={
          Object {
            "uri": "https://image.freepik.com/free-icon/smiley_318-121680.jpg",
          }
        }
        style={
          Object {
            "height": 60,
            "width": 60,
          }
        }
      />
    </Component>
  </Component>
</Component>
`;

exports[`Rating Component should render images with the size of 30 1`] = `
<Component
  pointerEvents="auto"
>
  <Component
    onMoveShouldSetResponder={[Function]}
    onMoveShouldSetResponderCapture={[Function]}
    onResponderEnd={[Function]}
    onResponderGrant={[Function]}
    onResponderMove={[Function]}
    onResponderReject={[Function]}
    onResponderRelease={[Function]}
    onResponderStart={[Function]}
    onResponderTerminate={[Function]}
    onResponderTerminationRequest={[Function]}
    onStartShouldSetResponder={[Function]}
    onStartShouldSetResponderCapture={[Function]}
    style={
      Object {
        "alignItems": "center",
        "flexDirection": "row",
        "justifyContent": "center",
      }
    }
  >
    <Component
      style={
        Object {
          "alignItems": "center",
          "bottom": 0,
          "flexDirection": "row",
          "justifyContent": "center",
          "left": 0,
          "position": "absolute",
          "right": 0,
          "top": 0,
        }
      }
    >
      <AnimatedComponent
        style={
          Object {
            "backgroundColor": "#f1c40f",
            "height": 30,
            "width": 75,
          }
        }
        testID="ratingItem"
      />
      <AnimatedComponent
        style={
          Object {
            "backgroundColor": "white",
            "height": 30,
            "width": 75,
          }
        }
      />
    </Component>
    <Component
      key="0"
    >
      <Image
        source={
          Object {
            "testUri": "../../../src/rating/images/star.png",
          }
        }
        style={
          Object {
            "height": 30,
            "width": 30,
          }
        }
      />
    </Component>
    <Component
      key="1"
    >
      <Image
        source={
          Object {
            "testUri": "../../../src/rating/images/star.png",
          }
        }
        style={
          Object {
            "height": 30,
            "width": 30,
          }
        }
      />
    </Component>
    <Component
      key="2"
    >
      <Image
        source={
          Object {
            "testUri": "../../../src/rating/images/star.png",
          }
        }
        style={
          Object {
            "height": 30,
            "width": 30,
          }
        }
      />
    </Component>
    <Component
      key="3"
    >
      <Image
        source={
          Object {
            "testUri": "../../../src/rating/images/star.png",
          }
        }
        style={
          Object {
            "height": 30,
            "width": 30,
          }
        }
      />
    </Component>
    <Component
      key="4"
    >
      <Image
        source={
          Object {
            "testUri": "../../../src/rating/images/star.png",
          }
        }
        style={
          Object {
            "height": 30,
            "width": 30,
          }
        }
      />
    </Component>
  </Component>
</Component>
`;

exports[`Rating Component should render in readonly mode 1`] = `
<Component
  pointerEvents="none"
>
  <Component
    onMoveShouldSetResponder={[Function]}
    onMoveShouldSetResponderCapture={[Function]}
    onResponderEnd={[Function]}
    onResponderGrant={[Function]}
    onResponderMove={[Function]}
    onResponderReject={[Function]}
    onResponderRelease={[Function]}
    onResponderStart={[Function]}
    onResponderTerminate={[Function]}
    onResponderTerminationRequest={[Function]}
    onStartShouldSetResponder={[Function]}
    onStartShouldSetResponderCapture={[Function]}
    style={
      Object {
        "alignItems": "center",
        "flexDirection": "row",
        "justifyContent": "center",
      }
    }
  >
    <Component
      style={
        Object {
          "alignItems": "center",
          "bottom": 0,
          "flexDirection": "row",
          "justifyContent": "center",
          "left": 0,
          "position": "absolute",
          "right": 0,
          "top": 0,
        }
      }
    >
      <AnimatedComponent
        style={
          Object {
            "backgroundColor": "#f1c40f",
            "height": 60,
            "width": 150,
          }
        }
        testID="ratingItem"
      />
      <AnimatedComponent
        style={
          Object {
            "backgroundColor": "white",
            "height": 60,
            "width": 150,
          }
        }
      />
    </Component>
    <Component
      key="0"
    >
      <Image
        source={
          Object {
            "testUri": "../../../src/rating/images/star.png",
          }
        }
        style={
          Object {
            "height": 60,
            "width": 60,
          }
        }
      />
    </Component>
    <Component
      key="1"
    >
      <Image
        source={
          Object {
            "testUri": "../../../src/rating/images/star.png",
          }
        }
        style={
          Object {
            "height": 60,
            "width": 60,
          }
        }
      />
    </Component>
    <Component
      key="2"
    >
      <Image
        source={
          Object {
            "testUri": "../../../src/rating/images/star.png",
          }
        }
        style={
          Object {
            "height": 60,
            "width": 60,
          }
        }
      />
    </Component>
    <Component
      key="3"
    >
      <Image
        source={
          Object {
            "testUri": "../../../src/rating/images/star.png",
          }
        }
        style={
          Object {
            "height": 60,
            "width": 60,
          }
        }
      />
    </Component>
    <Component
      key="4"
    >
      <Image
        source={
          Object {
            "testUri": "../../../src/rating/images/star.png",
          }
        }
        style={
          Object {
            "height": 60,
            "width": 60,
          }
        }
      />
    </Component>
  </Component>
</Component>
`;

exports[`Rating Component should render rating label 1`] = `
<Component
  pointerEvents="auto"
>
  <Component
    style={
      Object {
        "alignItems": "center",
        "flexDirection": "column",
        "justifyContent": "center",
        "paddingBottom": 5,
      }
    }
  >
    <Component
      style={
        Object {
          "alignItems": "center",
          "flexDirection": "row",
          "justifyContent": "center",
          "paddingBottom": 5,
        }
      }
    >
      <Themed.Text
        style={
          Object {
            "color": "#f1c40f",
            "fontFamily": "Trebuchet MS",
            "fontSize": 15,
            "textAlign": "center",
          }
        }
      >
        Rating:
         
      </Themed.Text>
      <Themed.Text
        style={
          Object {
            "color": "#f1c40f",
            "fontFamily": "Trebuchet MS",
            "fontSize": 30,
            "textAlign": "center",
          }
        }
      >
        3
      </Themed.Text>
      <Themed.Text
        style={
          Object {
            "color": "#f1c40f",
            "fontFamily": "Trebuchet MS",
            "fontSize": 18,
            "textAlign": "center",
          }
        }
      >
        /
        5
      </Themed.Text>
    </Component>
    <Component />
  </Component>
  <Component
    onMoveShouldSetResponder={[Function]}
    onMoveShouldSetResponderCapture={[Function]}
    onResponderEnd={[Function]}
    onResponderGrant={[Function]}
    onResponderMove={[Function]}
    onResponderReject={[Function]}
    onResponderRelease={[Function]}
    onResponderStart={[Function]}
    onResponderTerminate={[Function]}
    onResponderTerminationRequest={[Function]}
    onStartShouldSetResponder={[Function]}
    onStartShouldSetResponderCapture={[Function]}
    style={
      Object {
        "alignItems": "center",
        "flexDirection": "row",
        "justifyContent": "center",
      }
    }
  >
    <Component
      style={
        Object {
          "alignItems": "center",
          "bottom": 0,
          "flexDirection": "row",
          "justifyContent": "center",
          "left": 0,
          "position": "absolute",
          "right": 0,
          "top": 0,
        }
      }
    >
      <AnimatedComponent
        style={
          Object {
            "backgroundColor": "#f1c40f",
            "height": 60,
            "width": 150,
          }
        }
        testID="ratingItem"
      />
      <AnimatedComponent
        style={
          Object {
            "backgroundColor": "white",
            "height": 60,
            "width": 150,
          }
        }
      />
    </Component>
    <Component
      key="0"
    >
      <Image
        source={
          Object {
            "testUri": "../../../src/rating/images/star.png",
          }
        }
        style={
          Object {
            "height": 60,
            "width": 60,
          }
        }
      />
    </Component>
    <Component
      key="1"
    >
      <Image
        source={
          Object {
            "testUri": "../../../src/rating/images/star.png",
          }
        }
        style={
          Object {
            "height": 60,
            "width": 60,
          }
        }
      />
    </Component>
    <Component
      key="2"
    >
      <Image
        source={
          Object {
            "testUri": "../../../src/rating/images/star.png",
          }
        }
        style={
          Object {
            "height": 60,
            "width": 60,
          }
        }
      />
    </Component>
    <Component
      key="3"
    >
      <Image
        source={
          Object {
            "testUri": "../../../src/rating/images/star.png",
          }
        }
        style={
          Object {
            "height": 60,
            "width": 60,
          }
        }
      />
    </Component>
    <Component
      key="4"
    >
      <Image
        source={
          Object {
            "testUri": "../../../src/rating/images/star.png",
          }
        }
        style={
          Object {
            "height": 60,
            "width": 60,
          }
        }
      />
    </Component>
  </Component>
</Component>
`;

exports[`Rating Component should render value with 2 decimal places 1`] = `
<Component
  pointerEvents="auto"
>
  <Component
    style={
      Object {
        "alignItems": "center",
        "flexDirection": "column",
        "justifyContent": "center",
        "paddingBottom": 5,
      }
    }
  >
    <Component
      style={
        Object {
          "alignItems": "center",
          "flexDirection": "row",
          "justifyContent": "center",
          "paddingBottom": 5,
        }
      }
    >
      <Themed.Text
        style={
          Object {
            "color": "#f1c40f",
            "fontFamily": "Trebuchet MS",
            "fontSize": 15,
            "textAlign": "center",
          }
        }
      >
        Rating:
         
      </Themed.Text>
      <Themed.Text
        style={
          Object {
            "color": "#f1c40f",
            "fontFamily": "Trebuchet MS",
            "fontSize": 30,
            "textAlign": "center",
          }
        }
      >
        2.5
      </Themed.Text>
      <Themed.Text
        style={
          Object {
            "color": "#f1c40f",
            "fontFamily": "Trebuchet MS",
            "fontSize": 18,
            "textAlign": "center",
          }
        }
      >
        /
        5
      </Themed.Text>
    </Component>
    <Component />
  </Component>
  <Component
    onMoveShouldSetResponder={[Function]}
    onMoveShouldSetResponderCapture={[Function]}
    onResponderEnd={[Function]}
    onResponderGrant={[Function]}
    onResponderMove={[Function]}
    onResponderReject={[Function]}
    onResponderRelease={[Function]}
    onResponderStart={[Function]}
    onResponderTerminate={[Function]}
    onResponderTerminationRequest={[Function]}
    onStartShouldSetResponder={[Function]}
    onStartShouldSetResponderCapture={[Function]}
    style={
      Object {
        "alignItems": "center",
        "flexDirection": "row",
        "justifyContent": "center",
      }
    }
  >
    <Component
      style={
        Object {
          "alignItems": "center",
          "bottom": 0,
          "flexDirection": "row",
          "justifyContent": "center",
          "left": 0,
          "position": "absolute",
          "right": 0,
          "top": 0,
        }
      }
    >
      <AnimatedComponent
        style={
          Object {
            "backgroundColor": "#f1c40f",
            "height": 60,
            "width": 150,
          }
        }
        testID="ratingItem"
      />
      <AnimatedComponent
        style={
          Object {
            "backgroundColor": "white",
            "height": 60,
            "width": 150,
          }
        }
      />
    </Component>
    <Component
      key="0"
    >
      <Image
        source={
          Object {
            "testUri": "../../../src/rating/images/star.png",
          }
        }
        style={
          Object {
            "height": 60,
            "width": 60,
          }
        }
      />
    </Component>
    <Component
      key="1"
    >
      <Image
        source={
          Object {
            "testUri": "../../../src/rating/images/star.png",
          }
        }
        style={
          Object {
            "height": 60,
            "width": 60,
          }
        }
      />
    </Component>
    <Component
      key="2"
    >
      <Image
        source={
          Object {
            "testUri": "../../../src/rating/images/star.png",
          }
        }
        style={
          Object {
            "height": 60,
            "width": 60,
          }
        }
      />
    </Component>
    <Component
      key="3"
    >
      <Image
        source={
          Object {
            "testUri": "../../../src/rating/images/star.png",
          }
        }
        style={
          Object {
            "height": 60,
            "width": 60,
          }
        }
      />
    </Component>
    <Component
      key="4"
    >
      <Image
        source={
          Object {
            "testUri": "../../../src/rating/images/star.png",
          }
        }
        style={
          Object {
            "height": 60,
            "width": 60,
          }
        }
      />
    </Component>
  </Component>
</Component>
`;

exports[`Rating Component should render with an initial value of 3.3 1`] = `
<Component
  pointerEvents="auto"
>
  <Component
    style={
      Object {
        "alignItems": "center",
        "flexDirection": "column",
        "justifyContent": "center",
        "paddingBottom": 5,
      }
    }
  >
    <Component
      style={
        Object {
          "alignItems": "center",
          "flexDirection": "row",
          "justifyContent": "center",
          "paddingBottom": 5,
        }
      }
    >
      <Themed.Text
        style={
          Object {
            "color": "#f1c40f",
            "fontFamily": "Trebuchet MS",
            "fontSize": 15,
            "textAlign": "center",
          }
        }
      >
        Rating:
         
      </Themed.Text>
      <Themed.Text
        style={
          Object {
            "color": "#f1c40f",
            "fontFamily": "Trebuchet MS",
            "fontSize": 30,
            "textAlign": "center",
          }
        }
      >
        4
      </Themed.Text>
      <Themed.Text
        style={
          Object {
            "color": "#f1c40f",
            "fontFamily": "Trebuchet MS",
            "fontSize": 18,
            "textAlign": "center",
          }
        }
      >
        /
        5
      </Themed.Text>
    </Component>
    <Component />
  </Component>
  <Component
    onMoveShouldSetResponder={[Function]}
    onMoveShouldSetResponderCapture={[Function]}
    onResponderEnd={[Function]}
    onResponderGrant={[Function]}
    onResponderMove={[Function]}
    onResponderReject={[Function]}
    onResponderRelease={[Function]}
    onResponderStart={[Function]}
    onResponderTerminate={[Function]}
    onResponderTerminationRequest={[Function]}
    onStartShouldSetResponder={[Function]}
    onStartShouldSetResponderCapture={[Function]}
    style={
      Object {
        "alignItems": "center",
        "flexDirection": "row",
        "justifyContent": "center",
      }
    }
  >
    <Component
      style={
        Object {
          "alignItems": "center",
          "bottom": 0,
          "flexDirection": "row",
          "justifyContent": "center",
          "left": 0,
          "position": "absolute",
          "right": 0,
          "top": 0,
        }
      }
    >
      <AnimatedComponent
        style={
          Object {
            "backgroundColor": "#f1c40f",
            "height": 60,
            "width": 198,
          }
        }
        testID="ratingItem"
      />
      <AnimatedComponent
        style={
          Object {
            "backgroundColor": "white",
            "height": 60,
            "width": 102.00000000000001,
          }
        }
      />
    </Component>
    <Component
      key="0"
    >
      <Image
        source={
          Object {
            "testUri": "../../../src/rating/images/star.png",
          }
        }
        style={
          Object {
            "height": 60,
            "width": 60,
          }
        }
      />
    </Component>
    <Component
      key="1"
    >
      <Image
        source={
          Object {
            "testUri": "../../../src/rating/images/star.png",
          }
        }
        style={
          Object {
            "height": 60,
            "width": 60,
          }
        }
      />
    </Component>
    <Component
      key="2"
    >
      <Image
        source={
          Object {
            "testUri": "../../../src/rating/images/star.png",
          }
        }
        style={
          Object {
            "height": 60,
            "width": 60,
          }
        }
      />
    </Component>
    <Component
      key="3"
    >
      <Image
        source={
          Object {
            "testUri": "../../../src/rating/images/star.png",
          }
        }
        style={
          Object {
            "height": 60,
            "width": 60,
          }
        }
      />
    </Component>
    <Component
      key="4"
    >
      <Image
        source={
          Object {
            "testUri": "../../../src/rating/images/star.png",
          }
        }
        style={
          Object {
            "height": 60,
            "width": 60,
          }
        }
      />
    </Component>
  </Component>
</Component>
`;

exports[`Rating Component should render without issues 1`] = `
<Component
  pointerEvents="auto"
>
  <Component
    onMoveShouldSetResponder={[Function]}
    onMoveShouldSetResponderCapture={[Function]}
    onResponderEnd={[Function]}
    onResponderGrant={[Function]}
    onResponderMove={[Function]}
    onResponderReject={[Function]}
    onResponderRelease={[Function]}
    onResponderStart={[Function]}
    onResponderTerminate={[Function]}
    onResponderTerminationRequest={[Function]}
    onStartShouldSetResponder={[Function]}
    onStartShouldSetResponderCapture={[Function]}
    style={
      Object {
        "alignItems": "center",
        "flexDirection": "row",
        "justifyContent": "center",
      }
    }
  >
    <Component
      style={
        Object {
          "alignItems": "center",
          "bottom": 0,
          "flexDirection": "row",
          "justifyContent": "center",
          "left": 0,
          "position": "absolute",
          "right": 0,
          "top": 0,
        }
      }
    >
      <AnimatedComponent
        style={
          Object {
            "backgroundColor": "#f1c40f",
            "height": 60,
            "width": 150,
          }
        }
        testID="ratingItem"
      />
      <AnimatedComponent
        style={
          Object {
            "backgroundColor": "white",
            "height": 60,
            "width": 150,
          }
        }
      />
    </Component>
    <Component
      key="0"
    >
      <Image
        source={
          Object {
            "testUri": "../../../src/rating/images/star.png",
          }
        }
        style={
          Object {
            "height": 60,
            "width": 60,
          }
        }
      />
    </Component>
    <Component
      key="1"
    >
      <Image
        source={
          Object {
            "testUri": "../../../src/rating/images/star.png",
          }
        }
        style={
          Object {
            "height": 60,
            "width": 60,
          }
        }
      />
    </Component>
    <Component
      key="2"
    >
      <Image
        source={
          Object {
            "testUri": "../../../src/rating/images/star.png",
          }
        }
        style={
          Object {
            "height": 60,
            "width": 60,
          }
        }
      />
    </Component>
    <Component
      key="3"
    >
      <Image
        source={
          Object {
            "testUri": "../../../src/rating/images/star.png",
          }
        }
        style={
          Object {
            "height": 60,
            "width": 60,
          }
        }
      />
    </Component>
    <Component
      key="4"
    >
      <Image
        source={
          Object {
            "testUri": "../../../src/rating/images/star.png",
          }
        }
        style={
          Object {
            "height": 60,
            "width": 60,
          }
        }
      />
    </Component>
  </Component>
</Component>
`;
