// Jest Snapshot v1, https://goo.gl/fbAQLP

exports[`FAB Component should match snapshot 1`] = `
<View
  testID="wrapper"
>
  <View
    style={
      Object {
        "alignItems": "center",
        "borderRadius": 28,
        "flexDirection": "row",
        "justifyContent": "center",
        "opacity": 1,
        "transform": Array [
          Object {
            "scale": 1,
          },
        ],
      }
    }
  >
    <View
      style={
        Array [
          Object {
            "borderRadius": 3,
            "overflow": "hidden",
          },
          Object {
            "borderRadius": 28,
            "elevation": 4,
          },
          false,
        ]
      }
      testID="RNE_BUTTON_WRAPPER"
    >
      <View
        accessibilityRole="button"
        accessibilityState={
          Object {
            "busy": false,
            "disabled": false,
          }
        }
        accessible={true}
        focusable={true}
        onClick={[Function]}
        onResponderGrant={[Function]}
        onResponderMove={[Function]}
        onResponderRelease={[Function]}
        onResponderTerminate={[Function]}
        onResponderTerminationRequest={[Function]}
        onStartShouldSetResponder={[Function]}
        style={
          Object {
            "opacity": 1,
          }
        }
      >
        <View
          style={
            Object {
              "alignItems": "center",
              "backgroundColor": "#ca71eb",
              "borderColor": "#2089dc",
              "borderRadius": 3,
              "borderWidth": 0,
              "flexDirection": "row",
              "height": 48,
              "justifyContent": "center",
              "padding": 8,
              "paddingHorizontal": 16,
            }
          }
        >
          <Text
            style={
              Object {
                "color": "#ffffff",
                "fontSize": 18,
                "marginHorizontal": 8,
                "paddingVertical": 1,
                "textAlign": "center",
              }
            }
          >
            Hey
          </Text>
        </View>
      </View>
    </View>
  </View>
</View>
`;
